// Jest Snapshot v1, https://goo.gl/fbAQLP

exports[`Card Structure matches snapshot 1`] = `
Object {
  "asFragment": [Function],
  "baseElement": <body>
    <div>
      <div
        class="Cardstyled__Wrapper-ke0us1-0 hsPdPI"
      >
        <div>
          <img
            alt="Hello World"
            class="Cardstyled__Image-ke0us1-1 jRiLjQ"
            src="https://placehold.it/320x320"
          />
          <div
            class="Cardstyled__Info-ke0us1-2 iIHUUS"
          >
            <h3
              class="Cardstyled__Title-ke0us1-3 efbcG"
            >
              Hello World
            </h3>
            <p
              class="Cardstyled__Location-ke0us1-4 jZRXLE"
            >
              <svg
                class="LocationSVG__SVG-sc-6iwt52-0 dNhYWG"
                data-testid="location-svg"
                viewBox="0 0 24 24"
                xmlns="http://www.w3.org/2000/svg"
              >
                <path
                  d="M12 0c-4.198 0-8 3.403-8 7.602 0 4.198 3.469 9.21 8 16.398 4.531-7.188 8-12.2 8-16.398 0-4.199-3.801-7.602-8-7.602zm0 11c-1.657 0-3-1.343-3-3s1.343-3 3-3 3 1.343 3 3-1.343 3-3 3z"
                />
              </svg>
              Hello Location
            </p>
          </div>
        </div>
      </div>
    </div>
  </body>,
  "container": <div>
    <div
      class="Cardstyled__Wrapper-ke0us1-0 hsPdPI"
    >
      <div>
        <img
          alt="Hello World"
          class="Cardstyled__Image-ke0us1-1 jRiLjQ"
          src="https://placehold.it/320x320"
        />
        <div
          class="Cardstyled__Info-ke0us1-2 iIHUUS"
        >
          <h3
            class="Cardstyled__Title-ke0us1-3 efbcG"
          >
            Hello World
          </h3>
          <p
            class="Cardstyled__Location-ke0us1-4 jZRXLE"
          >
            <svg
              class="LocationSVG__SVG-sc-6iwt52-0 dNhYWG"
              data-testid="location-svg"
              viewBox="0 0 24 24"
              xmlns="http://www.w3.org/2000/svg"
            >
              <path
                d="M12 0c-4.198 0-8 3.403-8 7.602 0 4.198 3.469 9.21 8 16.398 4.531-7.188 8-12.2 8-16.398 0-4.199-3.801-7.602-8-7.602zm0 11c-1.657 0-3-1.343-3-3s1.343-3 3-3 3 1.343 3 3-1.343 3-3 3z"
              />
            </svg>
            Hello Location
          </p>
        </div>
      </div>
    </div>
  </div>,
  "debug": [Function],
  "findAllByAltText": [Function],
  "findAllByDisplayValue": [Function],
  "findAllByLabelText": [Function],
  "findAllByPlaceholderText": [Function],
  "findAllByRole": [Function],
  "findAllByTestId": [Function],
  "findAllByText": [Function],
  "findAllByTitle": [Function],
  "findByAltText": [Function],
  "findByDisplayValue": [Function],
  "findByLabelText": [Function],
  "findByPlaceholderText": [Function],
  "findByRole": [Function],
  "findByTestId": [Function],
  "findByText": [Function],
  "findByTitle": [Function],
  "getAllByAltText": [Function],
  "getAllByDisplayValue": [Function],
  "getAllByLabelText": [Function],
  "getAllByPlaceholderText": [Function],
  "getAllByRole": [Function],
  "getAllByTestId": [Function],
  "getAllByText": [Function],
  "getAllByTitle": [Function],
  "getByAltText": [Function],
  "getByDisplayValue": [Function],
  "getByLabelText": [Function],
  "getByPlaceholderText": [Function],
  "getByRole": [Function],
  "getByTestId": [Function],
  "getByText": [Function],
  "getByTitle": [Function],
  "queryAllByAltText": [Function],
  "queryAllByDisplayValue": [Function],
  "queryAllByLabelText": [Function],
  "queryAllByPlaceholderText": [Function],
  "queryAllByRole": [Function],
  "queryAllByTestId": [Function],
  "queryAllByText": [Function],
  "queryAllByTitle": [Function],
  "queryByAltText": [Function],
  "queryByDisplayValue": [Function],
  "queryByLabelText": [Function],
  "queryByPlaceholderText": [Function],
  "queryByRole": [Function],
  "queryByTestId": [Function],
  "queryByText": [Function],
  "queryByTitle": [Function],
  "rerender": [Function],
  "unmount": [Function],
}
`;
